../../CM7/../../CM7/Middlewares/ST/touchgfx/framework/include/touchgfx/hal/Types.hpp:91:5:touchgfx::colortype::colortype(uint32_t)	16	static
../../CM7/../../CM7/Middlewares/ST/touchgfx/framework/include/touchgfx/hal/Types.hpp:114:5:touchgfx::colortype::operator uint32_t() const	16	static
../../CM7/../../CM7/Middlewares/ST/touchgfx/framework/include/touchgfx/hal/HAL.hpp:101:13:touchgfx::HAL::~HAL()	16	static
../../CM7/../../CM7/Middlewares/ST/touchgfx/framework/include/touchgfx/hal/HAL.hpp:101:13:virtual touchgfx::HAL::~HAL()	16	static
../../CM7/../../CM7/Middlewares/ST/touchgfx/framework/include/touchgfx/hal/HAL.hpp:110:17:static touchgfx::HAL* touchgfx::HAL::getInstance()	4	static
../../CM7/../../CM7/Middlewares/ST/touchgfx/framework/include/touchgfx/hal/HAL.hpp:124:18:virtual void touchgfx::HAL::setDisplayOrientation(touchgfx::DisplayOrientation)	16	static
../../CM7/../../CM7/Middlewares/ST/touchgfx/framework/include/touchgfx/hal/HAL.hpp:156:18:virtual void touchgfx::HAL::setFrameBufferSize(uint16_t, uint16_t)	16	static
../../CM7/../../CM7/Middlewares/ST/touchgfx/framework/include/touchgfx/hal/HAL.hpp:209:10:void touchgfx::HAL::frontPorchEntered()	16	static
../../CM7/../../CM7/Middlewares/ST/touchgfx/framework/include/touchgfx/hal/HAL.hpp:320:28:virtual touchgfx::BlitOperations touchgfx::HAL::getBlitCaps()	16	static
../../CM7/../../CM7/Middlewares/ST/touchgfx/framework/include/touchgfx/hal/HAL.hpp:608:14:uint32_t touchgfx::HAL::getLCDRefreshCount()	16	static
../../CM7/../../CM7/Middlewares/ST/touchgfx/framework/include/touchgfx/hal/HAL.hpp:628:10:void touchgfx::HAL::vSync()	16	static
../../CM7/../../CM7/Middlewares/ST/touchgfx/framework/include/touchgfx/hal/HAL.hpp:638:18:virtual void touchgfx::HAL::backPorchExited()	16	static
../../CM7/../../CM7/Middlewares/ST/touchgfx/framework/include/touchgfx/hal/HAL.hpp:670:18:virtual bool touchgfx::HAL::sampleKey(uint8_t&)	16	static
../../CM7/../../CM7/Middlewares/ST/touchgfx/framework/include/touchgfx/hal/HAL.hpp:720:18:virtual void touchgfx::HAL::setFrameBufferStartAddresses(void*, void*, void*)	24	static
../../CM7/../../CM7/Middlewares/ST/touchgfx/framework/include/touchgfx/hal/HAL.hpp:737:18:virtual void touchgfx::HAL::setAnimationStorage(void*)	16	static
../../CM7/../../CM7/Middlewares/ST/touchgfx/framework/include/touchgfx/hal/HAL.hpp:876:30:virtual touchgfx::FlashDataReader* touchgfx::HAL::getFlashDataReader() const	16	static
../../CM7/../../CM7/Middlewares/ST/touchgfx/framework/include/touchgfx/hal/HAL.hpp:1025:18:virtual void touchgfx::HAL::taskDelay(uint16_t)	16	static
../../CM7/../../CM7/Middlewares/ST/touchgfx/framework/include/touchgfx/hal/HAL.hpp:1052:22:virtual uint16_t touchgfx::HAL::getTFTCurrentLine()	16	static
../../CM7/../../CM7/Middlewares/ST/touchgfx/framework/include/touchgfx/hal/HAL.hpp:1063:21:virtual touchgfx::DMAType touchgfx::HAL::getDMAType()	16	static
../../CM7/../../CM7/Middlewares/ST/touchgfx/framework/include/touchgfx/hal/HAL.hpp:1162:18:virtual void touchgfx::HAL::performDisplayOrientationChange()	24	static
../../../CM7/TouchGFX/target/generated/TouchGFXGeneratedHAL.hpp:106:18:virtual void TouchGFXGeneratedHAL::flushFrameBuffer()	16	static
../../CM7/../../CM7/Middlewares/ST/touchgfx/framework/include/touchgfx/hal/PaintRGB565Impl.hpp:31:6:void touchgfx::paint::rgb565::setL8Pallette(const uint8_t*)	16	static
../../CM7/../../CM7/Middlewares/ST/touchgfx/framework/include/touchgfx/hal/PaintRGB565Impl.hpp:36:6:void touchgfx::paint::rgb565::tearDown()	4	static
../../CM7/../../CM7/Middlewares/ST/touchgfx/framework/include/touchgfx/hal/PaintRGB565Impl.hpp:40:6:void touchgfx::paint::rgb565::lineFromColor(uint16_t*, unsigned int, uint32_t, uint8_t, uint32_t)	48	static
../../CM7/../../CM7/Middlewares/ST/touchgfx/framework/include/touchgfx/hal/PaintRGB565Impl.hpp:60:6:void touchgfx::paint::rgb565::lineFromRGB565(uint16_t*, const uint16_t*, unsigned int, uint8_t)	56	static
../../CM7/../../CM7/Middlewares/ST/touchgfx/framework/include/touchgfx/hal/PaintRGB565Impl.hpp:82:6:void touchgfx::paint::rgb565::lineFromARGB8888(uint16_t*, const uint32_t*, unsigned int, uint8_t)	72	static
../../CM7/../../CM7/Middlewares/ST/touchgfx/framework/include/touchgfx/hal/PaintRGB565Impl.hpp:104:6:void touchgfx::paint::rgb565::lineFromL8RGB888(uint16_t*, const uint8_t*, unsigned int, uint8_t)	80	static
../../CM7/../../CM7/Middlewares/ST/touchgfx/framework/include/touchgfx/hal/PaintRGB565Impl.hpp:140:6:void touchgfx::paint::rgb565::lineFromL8ARGB8888(uint16_t*, const uint8_t*, unsigned int, uint8_t)	72	static
../../CM7/../../CM7/Middlewares/ST/touchgfx/framework/include/touchgfx/hal/VideoController.hpp:100:13:touchgfx::VideoController::~VideoController()	16	static
../../CM7/../../CM7/Middlewares/ST/touchgfx/framework/include/touchgfx/hal/VideoController.hpp:100:13:virtual touchgfx::VideoController::~VideoController()	16	static
../../../CM7/TouchGFX/target/generated/MJPEGDecoder.hpp:27:13:MJPEGDecoder::~MJPEGDecoder()	16	static
../../../CM7/TouchGFX/target/generated/MJPEGDecoder.hpp:27:13:virtual MJPEGDecoder::~MJPEGDecoder()	16	static
../../../CM7/TouchGFX/target/generated/HardwareMJPEGDecoder.hpp:70:10:void HardwareMJPEGDecoder::addDMA(touchgfx::DMA_Interface&)	16	static
../../CM7/../../CM7/Middlewares/ST/touchgfx/framework/include/touchgfx/widgets/VideoWidget.hpp:159:10:void touchgfx::VideoWidget::setVideoBuffer(uint8_t*)	16	static
../../CM7/../../CM7/Middlewares/ST/touchgfx/framework/include/touchgfx/widgets/VideoWidget.hpp:172:10:void touchgfx::VideoWidget::setVideoBufferFormat(touchgfx::Bitmap::BitmapFormat, int16_t, int16_t)	24	static
../../../Drivers/CMSIS/Include/core_cm7.h:1902:22:void __NVIC_EnableIRQ(IRQn_Type)	16	static,ignoring_inline_asm
../../../Drivers/CMSIS/Include/core_cm7.h:1940:22:void __NVIC_DisableIRQ(IRQn_Type)	16	static,ignoring_inline_asm
../../../Drivers/CMSIS/Include/core_cm7.h:2032:22:void __NVIC_SetPriority(IRQn_Type, uint32_t)	16	static
C:/TouchGFXProjects/GPIO_FreeRTOS/CM7/TouchGFX/target/generated/TouchGFXGeneratedHAL.cpp:36:18:static touchgfx::VideoController& touchgfx::VideoController::getInstance()	4	static
C:/TouchGFXProjects/GPIO_FreeRTOS/CM7/TouchGFX/target/generated/TouchGFXGeneratedHAL.cpp:53:6:virtual void TouchGFXGeneratedHAL::initialize()	24	static
C:/TouchGFXProjects/GPIO_FreeRTOS/CM7/TouchGFX/target/generated/TouchGFXGeneratedHAL.cpp:71:6:virtual void TouchGFXGeneratedHAL::configureInterrupts()	16	static
C:/TouchGFXProjects/GPIO_FreeRTOS/CM7/TouchGFX/target/generated/TouchGFXGeneratedHAL.cpp:77:6:virtual void TouchGFXGeneratedHAL::enableInterrupts()	16	static
C:/TouchGFXProjects/GPIO_FreeRTOS/CM7/TouchGFX/target/generated/TouchGFXGeneratedHAL.cpp:83:6:virtual void TouchGFXGeneratedHAL::disableInterrupts()	16	static
C:/TouchGFXProjects/GPIO_FreeRTOS/CM7/TouchGFX/target/generated/TouchGFXGeneratedHAL.cpp:89:6:virtual void TouchGFXGeneratedHAL::enableLCDControllerInterrupt()	16	static
C:/TouchGFXProjects/GPIO_FreeRTOS/CM7/TouchGFX/target/generated/TouchGFXGeneratedHAL.cpp:100:6:virtual bool TouchGFXGeneratedHAL::beginFrame()	16	static
C:/TouchGFXProjects/GPIO_FreeRTOS/CM7/TouchGFX/target/generated/TouchGFXGeneratedHAL.cpp:105:6:virtual void TouchGFXGeneratedHAL::endFrame()	16	static
C:/TouchGFXProjects/GPIO_FreeRTOS/CM7/TouchGFX/target/generated/TouchGFXGeneratedHAL.cpp:115:11:virtual uint16_t* TouchGFXGeneratedHAL::getTFTFrameBuffer() const	16	static
C:/TouchGFXProjects/GPIO_FreeRTOS/CM7/TouchGFX/target/generated/TouchGFXGeneratedHAL.cpp:120:6:virtual void TouchGFXGeneratedHAL::setTFTFrameBuffer(uint16_t*)	16	static
C:/TouchGFXProjects/GPIO_FreeRTOS/CM7/TouchGFX/target/generated/TouchGFXGeneratedHAL.cpp:128:6:virtual void TouchGFXGeneratedHAL::flushFrameBuffer(const touchgfx::Rect&)	32	static,ignoring_inline_asm
C:/TouchGFXProjects/GPIO_FreeRTOS/CM7/TouchGFX/target/generated/TouchGFXGeneratedHAL.cpp:141:6:virtual bool TouchGFXGeneratedHAL::blockCopy(void*, const void*, uint32_t)	24	static
C:/TouchGFXProjects/GPIO_FreeRTOS/CM7/TouchGFX/target/generated/TouchGFXGeneratedHAL.cpp:146:6:virtual void TouchGFXGeneratedHAL::InvalidateCache()	32	static,ignoring_inline_asm
C:/TouchGFXProjects/GPIO_FreeRTOS/CM7/TouchGFX/target/generated/TouchGFXGeneratedHAL.cpp:158:6:virtual void TouchGFXGeneratedHAL::FlushCache()	32	static,ignoring_inline_asm
C:/TouchGFXProjects/GPIO_FreeRTOS/CM7/TouchGFX/target/generated/TouchGFXGeneratedHAL.cpp:170:17:void videoTaskFunc(void*)	16	static
C:/TouchGFXProjects/GPIO_FreeRTOS/CM7/TouchGFX/target/generated/TouchGFXGeneratedHAL.cpp:177:10:void HAL_LTDC_LineEventCallback(LTDC_HandleTypeDef*)	16	static
../../CM7/../../CM7/Middlewares/ST/touchgfx/framework/include/touchgfx/hal/VideoController.hpp:85:7:constexpr touchgfx::VideoController::VideoController()	16	static
../../../CM7/TouchGFX/target/generated/DoubleBufferedVideoController.hpp:52:5:DoubleBufferedVideoController<no_streams, width, height, stride, output_format>::DoubleBufferedVideoController() [with long unsigned int no_streams = 1; long unsigned int width = 1024; long unsigned int height = 600; long unsigned int stride = 3072; touchgfx::Bitmap::BitmapFormat output_format = touchgfx::Bitmap::RGB888]	24	static
../../../CM7/TouchGFX/target/generated/DoubleBufferedVideoController.hpp:305:10:void DoubleBufferedVideoController<no_streams, width, height, stride, output_format>::addDecoder(MJPEGDecoder&, uint32_t) [with long unsigned int no_streams = 1; long unsigned int width = 1024; long unsigned int height = 600; long unsigned int stride = 3072; touchgfx::Bitmap::BitmapFormat output_format = touchgfx::Bitmap::RGB888]	24	static
../../../CM7/TouchGFX/target/generated/DoubleBufferedVideoController.hpp:296:10:void DoubleBufferedVideoController<no_streams, width, height, stride, output_format>::setRGBBuffer(uint8_t*, size_t) [with long unsigned int no_streams = 1; long unsigned int width = 1024; long unsigned int height = 600; long unsigned int stride = 3072; touchgfx::Bitmap::BitmapFormat output_format = touchgfx::Bitmap::RGB888]	24	static
../../../CM7/TouchGFX/target/generated/DoubleBufferedVideoController.hpp:313:10:void DoubleBufferedVideoController<no_streams, width, height, stride, output_format>::endFrame() [with long unsigned int no_streams = 1; long unsigned int width = 1024; long unsigned int height = 600; long unsigned int stride = 3072; touchgfx::Bitmap::BitmapFormat output_format = touchgfx::Bitmap::RGB888]	16	static
../../../CM7/TouchGFX/target/generated/DoubleBufferedVideoController.hpp:319:10:void DoubleBufferedVideoController<no_streams, width, height, stride, output_format>::decoderTaskEntry() [with long unsigned int no_streams = 1; long unsigned int width = 1024; long unsigned int height = 600; long unsigned int stride = 3072; touchgfx::Bitmap::BitmapFormat output_format = touchgfx::Bitmap::RGB888]	56	static
../../../CM7/TouchGFX/target/generated/DoubleBufferedVideoController.hpp:421:9:DoubleBufferedVideoController<no_streams, width, height, stride, output_format>::Stream::Stream() [with long unsigned int no_streams = 1; long unsigned int width = 1024; long unsigned int height = 600; long unsigned int stride = 3072; touchgfx::Bitmap::BitmapFormat output_format = touchgfx::Bitmap::RGB888]	16	static
../../../CM7/TouchGFX/target/generated/DoubleBufferedVideoController.hpp:505:14:uint32_t DoubleBufferedVideoController<no_streams, width, height, stride, output_format>::getStreamIndexToDecode() [with long unsigned int no_streams = 1; long unsigned int width = 1024; long unsigned int height = 600; long unsigned int stride = 3072; touchgfx::Bitmap::BitmapFormat output_format = touchgfx::Bitmap::RGB888]	24	static
../../../CM7/TouchGFX/target/generated/DoubleBufferedVideoController.hpp:49:7:DoubleBufferedVideoController<1, 1024, 600, 3072, touchgfx::Bitmap::RGB888>::~DoubleBufferedVideoController()	16	static
../../../CM7/TouchGFX/target/generated/DoubleBufferedVideoController.hpp:49:7:virtual DoubleBufferedVideoController<1, 1024, 600, 3072, touchgfx::Bitmap::RGB888>::~DoubleBufferedVideoController()	16	static
../../../CM7/TouchGFX/target/generated/TouchGFXGeneratedHAL.hpp:30:7:TouchGFXGeneratedHAL::~TouchGFXGeneratedHAL()	16	static
../../../CM7/TouchGFX/target/generated/TouchGFXGeneratedHAL.hpp:30:7:virtual TouchGFXGeneratedHAL::~TouchGFXGeneratedHAL()	16	static
../../../CM7/TouchGFX/target/generated/HardwareMJPEGDecoder.hpp:45:7:HardwareMJPEGDecoder::~HardwareMJPEGDecoder()	16	static
../../../CM7/TouchGFX/target/generated/HardwareMJPEGDecoder.hpp:45:7:virtual HardwareMJPEGDecoder::~HardwareMJPEGDecoder()	16	static
C:/TouchGFXProjects/GPIO_FreeRTOS/CM7/TouchGFX/target/generated/TouchGFXGeneratedHAL.cpp:207:1:void __static_initialization_and_destruction_0(int, int)	16	static
../../../CM7/TouchGFX/target/generated/DoubleBufferedVideoController.hpp:67:20:touchgfx::VideoController::Handle DoubleBufferedVideoController<no_streams, width, height, stride, output_format>::registerVideoWidget(touchgfx::VideoWidget&) [with long unsigned int no_streams = 1; long unsigned int width = 1024; long unsigned int height = 600; long unsigned int stride = 3072; touchgfx::Bitmap::BitmapFormat output_format = touchgfx::Bitmap::RGB888]	24	static
../../../CM7/TouchGFX/target/generated/DoubleBufferedVideoController.hpp:100:18:void DoubleBufferedVideoController<no_streams, width, height, stride, output_format>::unregisterVideoWidget(touchgfx::VideoController::Handle) [with long unsigned int no_streams = 1; long unsigned int width = 1024; long unsigned int height = 600; long unsigned int stride = 3072; touchgfx::Bitmap::BitmapFormat output_format = touchgfx::Bitmap::RGB888]	24	static
../../../CM7/TouchGFX/target/generated/DoubleBufferedVideoController.hpp:127:18:void DoubleBufferedVideoController<no_streams, width, height, stride, output_format>::setFrameRate(touchgfx::VideoController::Handle, uint32_t, uint32_t) [with long unsigned int no_streams = 1; long unsigned int width = 1024; long unsigned int height = 600; long unsigned int stride = 3072; touchgfx::Bitmap::BitmapFormat output_format = touchgfx::Bitmap::RGB888]	32	static
../../../CM7/TouchGFX/target/generated/DoubleBufferedVideoController.hpp:227:18:bool DoubleBufferedVideoController<no_streams, width, height, stride, output_format>::updateFrame(touchgfx::VideoController::Handle, touchgfx::VideoWidget&) [with long unsigned int no_streams = 1; long unsigned int width = 1024; long unsigned int height = 600; long unsigned int stride = 3072; touchgfx::Bitmap::BitmapFormat output_format = touchgfx::Bitmap::RGB888]	32	static
../../../CM7/TouchGFX/target/generated/DoubleBufferedVideoController.hpp:289:18:void DoubleBufferedVideoController<no_streams, width, height, stride, output_format>::draw(touchgfx::VideoController::Handle, const touchgfx::Rect&, const touchgfx::VideoWidget&) [with long unsigned int no_streams = 1; long unsigned int width = 1024; long unsigned int height = 600; long unsigned int stride = 3072; touchgfx::Bitmap::BitmapFormat output_format = touchgfx::Bitmap::RGB888]	24	static
../../../CM7/TouchGFX/target/generated/DoubleBufferedVideoController.hpp:143:18:void DoubleBufferedVideoController<no_streams, width, height, stride, output_format>::setVideoData(touchgfx::VideoController::Handle, const uint8_t*, uint32_t) [with long unsigned int no_streams = 1; long unsigned int width = 1024; long unsigned int height = 600; long unsigned int stride = 3072; touchgfx::Bitmap::BitmapFormat output_format = touchgfx::Bitmap::RGB888]	24	static
../../../CM7/TouchGFX/target/generated/DoubleBufferedVideoController.hpp:152:18:void DoubleBufferedVideoController<no_streams, width, height, stride, output_format>::setVideoData(touchgfx::VideoController::Handle, touchgfx::VideoDataReader&) [with long unsigned int no_streams = 1; long unsigned int width = 1024; long unsigned int height = 600; long unsigned int stride = 3072; touchgfx::Bitmap::BitmapFormat output_format = touchgfx::Bitmap::RGB888]	24	static
../../../CM7/TouchGFX/target/generated/DoubleBufferedVideoController.hpp:160:18:void DoubleBufferedVideoController<no_streams, width, height, stride, output_format>::setCommand(touchgfx::VideoController::Handle, touchgfx::VideoController::Command, uint32_t) [with long unsigned int no_streams = 1; long unsigned int width = 1024; long unsigned int height = 600; long unsigned int stride = 3072; touchgfx::Bitmap::BitmapFormat output_format = touchgfx::Bitmap::RGB888]	32	static
../../../CM7/TouchGFX/target/generated/DoubleBufferedVideoController.hpp:120:22:uint32_t DoubleBufferedVideoController<no_streams, width, height, stride, output_format>::getCurrentFrameNumber(touchgfx::VideoController::Handle) [with long unsigned int no_streams = 1; long unsigned int width = 1024; long unsigned int height = 600; long unsigned int stride = 3072; touchgfx::Bitmap::BitmapFormat output_format = touchgfx::Bitmap::RGB888]	24	static
../../../CM7/TouchGFX/target/generated/DoubleBufferedVideoController.hpp:399:18:void DoubleBufferedVideoController<no_streams, width, height, stride, output_format>::getVideoInformation(touchgfx::VideoController::Handle, touchgfx::VideoInformation*) [with long unsigned int no_streams = 1; long unsigned int width = 1024; long unsigned int height = 600; long unsigned int stride = 3072; touchgfx::Bitmap::BitmapFormat output_format = touchgfx::Bitmap::RGB888]	24	static
../../../CM7/TouchGFX/target/generated/DoubleBufferedVideoController.hpp:405:18:bool DoubleBufferedVideoController<no_streams, width, height, stride, output_format>::getIsPlaying(touchgfx::VideoController::Handle) [with long unsigned int no_streams = 1; long unsigned int width = 1024; long unsigned int height = 600; long unsigned int stride = 3072; touchgfx::Bitmap::BitmapFormat output_format = touchgfx::Bitmap::RGB888]	24	static
../../../CM7/TouchGFX/target/generated/DoubleBufferedVideoController.hpp:486:12:touchgfx::VideoController::Handle DoubleBufferedVideoController<no_streams, width, height, stride, output_format>::getFreeHandle() [with long unsigned int no_streams = 1; long unsigned int width = 1024; long unsigned int height = 600; long unsigned int stride = 3072; touchgfx::Bitmap::BitmapFormat output_format = touchgfx::Bitmap::RGB888]	96	static
../../../CM7/TouchGFX/target/generated/DoubleBufferedVideoController.hpp:466:10:bool DoubleBufferedVideoController<no_streams, width, height, stride, output_format>::decodeForNextTick(Stream&) [with long unsigned int no_streams = 1; long unsigned int width = 1024; long unsigned int height = 600; long unsigned int stride = 3072; touchgfx::Bitmap::BitmapFormat output_format = touchgfx::Bitmap::RGB888]	16	static
../../../CM7/TouchGFX/target/generated/DoubleBufferedVideoController.hpp:518:10:void DoubleBufferedVideoController<no_streams, width, height, stride, output_format>::clearState(touchgfx::VideoController::Handle) [with long unsigned int no_streams = 1; long unsigned int width = 1024; long unsigned int height = 600; long unsigned int stride = 3072; touchgfx::Bitmap::BitmapFormat output_format = touchgfx::Bitmap::RGB888]	32	static
C:/TouchGFXProjects/GPIO_FreeRTOS/CM7/TouchGFX/target/generated/TouchGFXGeneratedHAL.cpp:207:1:cpp)	8	static
C:/TouchGFXProjects/GPIO_FreeRTOS/CM7/TouchGFX/target/generated/TouchGFXGeneratedHAL.cpp:207:1:cpp)	8	static
