Drawable.hpp:121:18:virtual void touchgfx::Drawable::invalidateContent() const	0	static
Drawable.hpp:147:23:virtual touchgfx::Drawable* touchgfx::Drawable::getFirstChild()	0	static
Drawable.hpp:315:18:virtual void touchgfx::Drawable::setX(int16_t)	0	static
Drawable.hpp:327:18:virtual void touchgfx::Drawable::setY(int16_t)	0	static
Drawable.hpp:356:18:virtual void touchgfx::Drawable::setWidth(int16_t)	0	static
Drawable.hpp:368:18:virtual void touchgfx::Drawable::setHeight(int16_t)	0	static
Drawable.hpp:378:18:virtual void touchgfx::Drawable::childGeometryChanged()	0	static
Drawable.hpp:389:18:virtual void touchgfx::Drawable::handleClickEvent(const touchgfx::ClickEvent&)	0	static
Drawable.hpp:401:18:virtual void touchgfx::Drawable::handleGestureEvent(const touchgfx::GestureEvent&)	0	static
Drawable.hpp:490:18:virtual void touchgfx::Drawable::handleDragEvent(const touchgfx::DragEvent&)	0	static
Drawable.hpp:501:18:virtual void touchgfx::Drawable::handleTickEvent()	0	static
Drawable.hpp:588:18:virtual void touchgfx::Drawable::moveTo(int16_t, int16_t)	4	static
Drawable.hpp:703:18:virtual void touchgfx::Drawable::setupDrawChain(const touchgfx::Rect&, touchgfx::Drawable**)	0	static
Screen.hpp:93:18:virtual void touchgfx::Screen::setupScreen()	0	static
Screen.hpp:104:18:virtual void touchgfx::Screen::afterTransition()	0	static
Screen.hpp:115:18:virtual void touchgfx::Screen::tearDownScreen()	0	static
Screen.hpp:144:18:virtual void touchgfx::Screen::handleTickEvent()	0	static
Screen.hpp:154:18:virtual void touchgfx::Screen::handleKeyEvent(uint8_t)	0	static
Widget.hpp:45:18:virtual void touchgfx::Widget::getLastChild(int16_t, int16_t, touchgfx::Drawable**)	0	static
TypedText.hpp:65:13:touchgfx::TypedText::~TypedText()	0	static
TextArea.hpp:48:18:virtual void touchgfx::TextArea::setWidth(int16_t)	32	static
TextArea.hpp:54:18:virtual void touchgfx::TextArea::setHeight(int16_t)	32	static
TextArea.hpp:60:18:virtual touchgfx::Rect touchgfx::TextArea::getSolidRect() const	0	static
TextArea.hpp:89:18:virtual void touchgfx::TextArea::setAlpha(uint8_t)	0	static
TextArea.hpp:127:18:virtual void touchgfx::TextArea::setXBaselineY(int16_t, int16_t)	16	static
TextArea.hpp:403:41:virtual const UnicodeChar* touchgfx::TextArea::getWildcard2() const	0	static
TextAreaWithWildcard.hpp:81:41:virtual const UnicodeChar* touchgfx::TextAreaWithOneWildcard::getWildcard1() const	0	static
View.hpp:36:7:touchgfx::View<lockscreenPresenter>::~View()	0	static
lockscreenViewBase.hpp:29:18:virtual void lockscreenViewBase::OnButtonClicked_ent()	0	static
lockscreenViewBase.hpp:34:18:virtual void lockscreenViewBase::OnButtonClicked_clr()	0	static
lockscreenViewBase.hpp:39:18:virtual void lockscreenViewBase::OnButtonClicked_1()	0	static
lockscreenViewBase.hpp:44:18:virtual void lockscreenViewBase::OnButtonClicked_2()	0	static
lockscreenViewBase.hpp:49:18:virtual void lockscreenViewBase::OnButtonClicked_3()	0	static
lockscreenViewBase.hpp:54:18:virtual void lockscreenViewBase::OnButtonClicked_4()	0	static
lockscreenViewBase.hpp:59:18:virtual void lockscreenViewBase::OnButtonClicked_5()	0	static
lockscreenViewBase.hpp:64:18:virtual void lockscreenViewBase::OnButtonClicked_6()	0	static
lockscreenViewBase.hpp:69:18:virtual void lockscreenViewBase::OnButtonClicked_7()	0	static
lockscreenViewBase.hpp:74:18:virtual void lockscreenViewBase::OnButtonClicked_8()	0	static
lockscreenViewBase.hpp:79:18:virtual void lockscreenViewBase::OnButtonClicked_9()	0	static
lockscreenViewBase.hpp:84:18:virtual void lockscreenViewBase::OnButtonClicked_0()	0	static
lockscreenViewBase.cpp:164:6:virtual void lockscreenViewBase::setupScreen()	0	static
Callback.hpp:357:8:touchgfx::Callback<lockscreenViewBase, const touchgfx::AbstractButton&>::~Callback()	0	static
TextAreaWithWildcard.hpp:59:7:touchgfx::TextAreaWithOneWildcard::~TextAreaWithOneWildcard()	0	static
Callback.hpp:386:18:void touchgfx::Callback<dest_type, T1, void, void>::execute(T1) [with dest_type = lockscreenViewBase; T1 = const touchgfx::AbstractButton&]	8	static
Callback.hpp:396:18:bool touchgfx::Callback<dest_type, T1, void, void>::isValid() const [with dest_type = lockscreenViewBase; T1 = const touchgfx::AbstractButton&]	0	static
TypedText.hpp:65:13:virtual touchgfx::TypedText::~TypedText()	8	static
View.hpp:36:7:virtual touchgfx::View<lockscreenPresenter>::~View()	8	static
TextAreaWithWildcard.hpp:59:7:virtual touchgfx::TextAreaWithOneWildcard::~TextAreaWithOneWildcard()	8	static
Callback.hpp:357:8:virtual touchgfx::Callback<lockscreenViewBase, const touchgfx::AbstractButton&>::~Callback()	8	static
TextArea.hpp:111:18:virtual void touchgfx::TextArea::setBaselineY(int16_t)	16	static
lockscreenViewBase.cpp:169:6:void lockscreenViewBase::buttonCallbackHandler(const touchgfx::AbstractButton&)	0	static
TextAreaWithWildcard.hpp:46:36:virtual touchgfx::TextArea::BoundingArea touchgfx::TextAreaWithWildcardBase::calculateBoundingArea() const	0	static
Drawable.hpp:48:5:touchgfx::Drawable::Drawable()	0	static
Drawable.hpp:343:10:void touchgfx::Drawable::setXY(int16_t, int16_t)	16	static
Drawable.hpp:233:10:void touchgfx::Drawable::setPosition(int16_t, int16_t, int16_t, int16_t)	16	static
Image.hpp:50:5:touchgfx::Image::Image(const touchgfx::Bitmap&)	16	static
ButtonWithLabel.hpp:132:10:void touchgfx::ButtonWithLabel::updateTextPosition()	24	static
TextArea.hpp:43:5:touchgfx::TextArea::TextArea()	8	static
lockscreenViewBase.cpp:9:1:lockscreenViewBase::lockscreenViewBase()	160	static
lockscreenViewBase.hpp:23:13:lockscreenViewBase::~lockscreenViewBase()	8	static
lockscreenViewBase.hpp:23:13:virtual lockscreenViewBase::~lockscreenViewBase()	8	static
