C:/TouchGFXProjects/MyApplication_1/CM7/Core/Src/fmc.c:115:9:IS42S32800J_Init	24	static
C:/TouchGFXProjects/MyApplication_1/CM7/Core/Src/fmc.c:157:9:IS42S32800J_ClockEnable	16	static
C:/TouchGFXProjects/MyApplication_1/CM7/Core/Src/fmc.c:181:9:IS42S32800J_Precharge	16	static
C:/TouchGFXProjects/MyApplication_1/CM7/Core/Src/fmc.c:205:9:IS42S32800J_ModeRegConfig	24	static
C:/TouchGFXProjects/MyApplication_1/CM7/Core/Src/fmc.c:238:9:IS42S32800J_TimingConfig	16	static
C:/TouchGFXProjects/MyApplication_1/CM7/Core/Src/fmc.c:259:9:IS42S32800J_RefreshMode	24	static
C:/TouchGFXProjects/MyApplication_1/CM7/Core/Src/fmc.c:283:9:IS42S32800J_RefreshRate	16	static
C:/TouchGFXProjects/MyApplication_1/CM7/Core/Src/fmc.c:303:9:IS42S32800J_EnterPowerMode	16	static
C:/TouchGFXProjects/MyApplication_1/CM7/Core/Src/fmc.c:327:9:IS42S32800J_ExitPowerMode	16	static
C:/TouchGFXProjects/MyApplication_1/CM7/Core/Src/fmc.c:351:9:IS42S32800J_Sendcmd	16	static
C:/TouchGFXProjects/MyApplication_1/CM7/Core/Src/fmc.c:376:16:IS42S32800J_Delay	24	static
C:/TouchGFXProjects/MyApplication_1/CM7/Core/Src/fmc.c:388:1:BSP_SDRAM_Write_word	16	static
C:/TouchGFXProjects/MyApplication_1/CM7/Core/Src/fmc.c:394:1:BSP_SDRAM_Read_word	16	static
C:/TouchGFXProjects/MyApplication_1/CM7/Core/Src/fmc.c:400:1:BSP_SDRAM_SingleTest	16	static
C:/TouchGFXProjects/MyApplication_1/CM7/Core/Src/fmc.c:427:6:MX_FMC_Init	40	static
C:/TouchGFXProjects/MyApplication_1/CM7/Core/Src/fmc.c:488:13:HAL_FMC_MspInit	224	static
C:/TouchGFXProjects/MyApplication_1/CM7/Core/Src/fmc.c:648:6:HAL_SDRAM_MspInit	16	static
C:/TouchGFXProjects/MyApplication_1/CM7/Core/Src/fmc.c:660:13:HAL_FMC_MspDeInit	8	static
C:/TouchGFXProjects/MyApplication_1/CM7/Core/Src/fmc.c:760:6:HAL_SDRAM_MspDeInit	16	static
