C:/TouchGFXProjects/MyApplication_1/CM7/Core/Src/quadspi.c:89:6:MX_QUADSPI_Init	8	static
C:/TouchGFXProjects/MyApplication_1/CM7/Core/Src/quadspi.c:118:6:HAL_QSPI_MspInit	248	static
C:/TouchGFXProjects/MyApplication_1/CM7/Core/Src/quadspi.c:186:6:HAL_QSPI_MspDeInit	16	static
C:/TouchGFXProjects/MyApplication_1/CM7/Core/Src/quadspi.c:220:1:_Flash_Busy_Quad	72	static
C:/TouchGFXProjects/MyApplication_1/CM7/Core/Src/quadspi.c:248:1:_Flash_Busy	72	static
C:/TouchGFXProjects/MyApplication_1/CM7/Core/Src/quadspi.c:277:1:QSPI_WriteEnable_Quad	64	static
C:/TouchGFXProjects/MyApplication_1/CM7/Core/Src/quadspi.c:305:1:QSPI_WriteDisable	88	static
C:/TouchGFXProjects/MyApplication_1/CM7/Core/Src/quadspi.c:348:1:QSPI_Enter4Bytes	64	static
C:/TouchGFXProjects/MyApplication_1/CM7/Core/Src/quadspi.c:374:1:QSPI_EnterQuad	64	static
C:/TouchGFXProjects/MyApplication_1/CM7/Core/Src/quadspi.c:406:1:QSPI_WriteEnable	88	static
C:/TouchGFXProjects/MyApplication_1/CM7/Core/Src/quadspi.c:448:1:QSPI_ResetChip	64	static
C:/TouchGFXProjects/MyApplication_1/CM7/Core/Src/quadspi.c:537:1:CSP_QSPI_EnableMemoryMappedMode	72	static
C:/TouchGFXProjects/MyApplication_1/CM7/Core/Src/quadspi.c:603:1:CSP_QSPI_WriteMemory	96	static
C:/TouchGFXProjects/MyApplication_1/CM7/Core/Src/quadspi.c:741:1:CSP_QSPI_WriteMemory_Quad	96	static
C:/TouchGFXProjects/MyApplication_1/CM7/Core/Src/quadspi.c:860:1:QSPI_AutoPollingMemReady_Quad	88	static
C:/TouchGFXProjects/MyApplication_1/CM7/Core/Src/quadspi.c:893:1:QSPI_AutoPollingMemReady	88	static
C:/TouchGFXProjects/MyApplication_1/CM7/Core/Src/quadspi.c:926:1:CSP_QSPI_Erase_Chip	64	static
C:/TouchGFXProjects/MyApplication_1/CM7/Core/Src/quadspi.c:1027:1:CSP_QUADSPI_Init	8	static
