DMA.hpp:138:18:virtual void touchgfx::DMA_Interface::flush()	0	static
STM32DMA.hpp:161:31:virtual touchgfx::DMAType STM32DMA::getDMAType()	0	static
STM32DMA.cpp:61:6:virtual void STM32DMA::initialize()	8	static
STM32DMA.cpp:143:16:virtual touchgfx::BlitOperations STM32DMA::getBlitCaps()	0	static
STM32DMA.hpp:216:18:virtual void STM32DMA::start()	8	static
STM32DMA.cpp:42:17:void DMA2D_XferCpltCallback(DMA2D_HandleTypeDef*)	0	static
STM32DMA.cpp:75:17:uint32_t STM32DMA::getChromARTInputFormat(touchgfx::Bitmap::BitmapFormat)	8	static
STM32DMA.cpp:110:17:uint32_t STM32DMA::getChromARTOutputFormat(touchgfx::Bitmap::BitmapFormat)	8	static
STM32DMA.cpp:166:6:virtual void STM32DMA::setupDataCopy(const touchgfx::BlitOp&)	24	static
STM32DMA.cpp:333:6:virtual void STM32DMA::setupDataFill(const touchgfx::BlitOp&)	16	static
STM32DMA.cpp:55:1:STM32DMA::~STM32DMA()	0	static
STM32DMA.cpp:55:1:virtual STM32DMA::~STM32DMA()	8	static
STM32DMA.hpp:197:18:virtual void STM32DMA::signalDMAInterrupt()	16	static
STM32DMA.cpp:49:1:STM32DMA::STM32DMA()	16	static
STM32DMA.cpp:403:10:void touchgfx::paint::rgb888::setL8Pallette(const uint8_t*)	0	static
STM32DMA.cpp:414:10:void touchgfx::paint::rgb888::tearDown()	0	static
STM32DMA.cpp:429:10:void touchgfx::paint::rgb888::lineFromColor(uint8_t*, unsigned int, uint32_t, uint8_t)	12	static
STM32DMA.cpp:479:10:void touchgfx::paint::rgb888::lineFromRGB888(uint8_t*, const uint8_t*, unsigned int, uint8_t)	12	static
STM32DMA.cpp:523:10:void touchgfx::paint::rgb888::lineFromARGB8888(uint8_t*, const uint32_t*, unsigned int, uint8_t)	12	static
STM32DMA.cpp:555:10:void touchgfx::paint::rgb888::lineFromL8RGB888(uint8_t*, const uint8_t*, unsigned int, uint8_t)	16	static
STM32DMA.cpp:620:10:void touchgfx::paint::rgb888::lineFromL8ARGB8888(uint8_t*, const uint8_t*, unsigned int, uint8_t)	12	static
