Screen.hpp:104:18:virtual void touchgfx::Screen::afterTransition()	0	static
Screen.hpp:144:18:virtual void touchgfx::Screen::handleTickEvent()	0	static
Screen.hpp:154:18:virtual void touchgfx::Screen::handleKeyEvent(uint8_t)	0	static
lockscreenView.cpp:31:6:virtual void lockscreenView::tearDownScreen()	0	static
lockscreenView.cpp:88:6:virtual void lockscreenView::OnButtonClicked_clr()	8	static
lockscreenView.cpp:13:6:virtual void lockscreenView::setupScreen()	16	static
lockscreenView.cpp:8:1:lockscreenView::lockscreenView()	8	static
lockscreenView.cpp:106:6:void lockscreenView::validatePin()	24	static
lockscreenView.cpp:101:6:virtual void lockscreenView::OnButtonClicked_ent()	0	static
lockscreenView.cpp:152:6:void lockscreenView::updatePinDisplay()	32	static
lockscreenView.cpp:133:6:void lockscreenView::appendDigitFromButton(const touchgfx::ButtonWithLabel&)	8	static
lockscreenView.cpp:38:6:virtual void lockscreenView::OnButtonClicked_0()	0	static
lockscreenView.cpp:45:6:virtual void lockscreenView::OnButtonClicked_1()	0	static
lockscreenView.cpp:50:6:virtual void lockscreenView::OnButtonClicked_2()	0	static
lockscreenView.cpp:55:6:virtual void lockscreenView::OnButtonClicked_3()	0	static
lockscreenView.cpp:60:6:virtual void lockscreenView::OnButtonClicked_4()	0	static
lockscreenView.cpp:65:6:virtual void lockscreenView::OnButtonClicked_5()	0	static
lockscreenView.cpp:70:6:virtual void lockscreenView::OnButtonClicked_6()	0	static
lockscreenView.cpp:75:6:virtual void lockscreenView::OnButtonClicked_7()	0	static
lockscreenView.cpp:79:6:virtual void lockscreenView::OnButtonClicked_8()	0	static
lockscreenView.cpp:83:6:virtual void lockscreenView::OnButtonClicked_9()	0	static
lockscreenView.cpp:179:6:virtual void lockscreenView::tickEvent()	8	static
lockscreenView.hpp:12:13:lockscreenView::~lockscreenView()	8	static
lockscreenView.hpp:12:13:virtual lockscreenView::~lockscreenView()	8	static
