HAL.hpp:124:18:virtual void touchgfx::HAL::setDisplayOrientation(touchgfx::DisplayOrientation)	0	static
HAL.hpp:670:18:virtual bool touchgfx::HAL::sampleKey(uint8_t&)	0	static
HAL.hpp:737:18:virtual void touchgfx::HAL::setAnimationStorage(void*)	0	static
HAL.hpp:876:30:virtual touchgfx::FlashDataReader* touchgfx::HAL::getFlashDataReader() const	0	static
HAL.hpp:1025:18:virtual void touchgfx::HAL::taskDelay(uint16_t)	0	static
HAL.hpp:1052:22:virtual uint16_t touchgfx::HAL::getTFTCurrentLine()	0	static
HAL.hpp:1063:21:virtual touchgfx::DMAType touchgfx::HAL::getDMAType()	0	static
TouchGFXGeneratedHAL.cpp:71:6:virtual void TouchGFXGeneratedHAL::configureInterrupts()	0	static
TouchGFXGeneratedHAL.cpp:89:6:virtual void TouchGFXGeneratedHAL::enableLCDControllerInterrupt()	0	static
TouchGFXGeneratedHAL.cpp:115:11:virtual uint16_t* TouchGFXGeneratedHAL::getTFTFrameBuffer() const	0	static
TouchGFXGeneratedHAL.cpp:120:6:virtual void TouchGFXGeneratedHAL::setTFTFrameBuffer(uint16_t*)	0	static
DoubleBufferedVideoController.hpp:49:7:DoubleBufferedVideoController<1, 1024, 600, 3072, (touchgfx::Bitmap::BitmapFormat)1>::~DoubleBufferedVideoController()	0	static
TouchGFXGeneratedHAL.hpp:30:7:TouchGFXGeneratedHAL::~TouchGFXGeneratedHAL()	0	static
DoubleBufferedVideoController.hpp:100:18:void DoubleBufferedVideoController<no_streams, width, height, stride, output_format>::unregisterVideoWidget(touchgfx::VideoController::Handle) [with long unsigned int no_streams = 1; long unsigned int width = 1024; long unsigned int height = 600; long unsigned int stride = 3072; touchgfx::Bitmap::BitmapFormat output_format = (touchgfx::Bitmap::BitmapFormat)1]	0	static
DoubleBufferedVideoController.hpp:289:18:void DoubleBufferedVideoController<no_streams, width, height, stride, output_format>::draw(touchgfx::VideoController::Handle, const touchgfx::Rect&, const touchgfx::VideoWidget&) [with long unsigned int no_streams = 1; long unsigned int width = 1024; long unsigned int height = 600; long unsigned int stride = 3072; touchgfx::Bitmap::BitmapFormat output_format = (touchgfx::Bitmap::BitmapFormat)1]	0	static
TouchGFXGeneratedHAL.cpp:53:6:virtual void TouchGFXGeneratedHAL::initialize()	16	static
HAL.hpp:720:18:virtual void touchgfx::HAL::setFrameBufferStartAddresses(void*, void*, void*)	8	static
HAL.hpp:156:18:virtual void touchgfx::HAL::setFrameBufferSize(uint16_t, uint16_t)	8	static
DoubleBufferedVideoController.hpp:405:18:bool DoubleBufferedVideoController<no_streams, width, height, stride, output_format>::getIsPlaying(touchgfx::VideoController::Handle) [with long unsigned int no_streams = 1; long unsigned int width = 1024; long unsigned int height = 600; long unsigned int stride = 3072; touchgfx::Bitmap::BitmapFormat output_format = (touchgfx::Bitmap::BitmapFormat)1]	8	static
DoubleBufferedVideoController.hpp:399:18:void DoubleBufferedVideoController<no_streams, width, height, stride, output_format>::getVideoInformation(touchgfx::VideoController::Handle, touchgfx::VideoInformation*) [with long unsigned int no_streams = 1; long unsigned int width = 1024; long unsigned int height = 600; long unsigned int stride = 3072; touchgfx::Bitmap::BitmapFormat output_format = (touchgfx::Bitmap::BitmapFormat)1]	8	static
DoubleBufferedVideoController.hpp:120:22:uint32_t DoubleBufferedVideoController<no_streams, width, height, stride, output_format>::getCurrentFrameNumber(touchgfx::VideoController::Handle) [with long unsigned int no_streams = 1; long unsigned int width = 1024; long unsigned int height = 600; long unsigned int stride = 3072; touchgfx::Bitmap::BitmapFormat output_format = (touchgfx::Bitmap::BitmapFormat)1]	8	static
DoubleBufferedVideoController.hpp:127:18:void DoubleBufferedVideoController<no_streams, width, height, stride, output_format>::setFrameRate(touchgfx::VideoController::Handle, uint32_t, uint32_t) [with long unsigned int no_streams = 1; long unsigned int width = 1024; long unsigned int height = 600; long unsigned int stride = 3072; touchgfx::Bitmap::BitmapFormat output_format = (touchgfx::Bitmap::BitmapFormat)1]	8	static
TouchGFXGeneratedHAL.cpp:100:6:virtual bool TouchGFXGeneratedHAL::beginFrame()	0	static
TouchGFXGeneratedHAL.cpp:105:6:virtual void TouchGFXGeneratedHAL::endFrame()	0	static
TouchGFXGeneratedHAL.cpp:141:6:virtual bool TouchGFXGeneratedHAL::blockCopy(void*, const void*, uint32_t)	0	static
HAL.hpp:638:18:virtual void touchgfx::HAL::backPorchExited()	8	static
TouchGFXGeneratedHAL.hpp:106:18:virtual void TouchGFXGeneratedHAL::flushFrameBuffer()	0	static
TouchGFXGeneratedHAL.hpp:30:7:virtual TouchGFXGeneratedHAL::~TouchGFXGeneratedHAL()	8	static
DoubleBufferedVideoController.hpp:49:7:virtual DoubleBufferedVideoController<1, 1024, 600, 3072, (touchgfx::Bitmap::BitmapFormat)1>::~DoubleBufferedVideoController()	8	static
HAL.hpp:320:28:virtual touchgfx::BlitOperations touchgfx::HAL::getBlitCaps()	0	static
HAL.hpp:1162:18:virtual void touchgfx::HAL::performDisplayOrientationChange()	8	static
TouchGFXGeneratedHAL.cpp:146:6:virtual void TouchGFXGeneratedHAL::InvalidateCache()	20	static
TouchGFXGeneratedHAL.cpp:146:6:virtual void TouchGFXGeneratedHAL::InvalidateCache()	0	static
TouchGFXGeneratedHAL.cpp:158:6:virtual void TouchGFXGeneratedHAL::FlushCache()	0	static
TouchGFXGeneratedHAL.cpp:128:6:virtual void TouchGFXGeneratedHAL::flushFrameBuffer(const touchgfx::Rect&)	8	static
DoubleBufferedVideoController.hpp:160:18:void DoubleBufferedVideoController<no_streams, width, height, stride, output_format>::setCommand(touchgfx::VideoController::Handle, touchgfx::VideoController::Command, uint32_t) [with long unsigned int no_streams = 1; long unsigned int width = 1024; long unsigned int height = 600; long unsigned int stride = 3072; touchgfx::Bitmap::BitmapFormat output_format = (touchgfx::Bitmap::BitmapFormat)1]	8	static
DoubleBufferedVideoController.hpp:227:18:bool DoubleBufferedVideoController<no_streams, width, height, stride, output_format>::updateFrame(touchgfx::VideoController::Handle, touchgfx::VideoWidget&) [with long unsigned int no_streams = 1; long unsigned int width = 1024; long unsigned int height = 600; long unsigned int stride = 3072; touchgfx::Bitmap::BitmapFormat output_format = (touchgfx::Bitmap::BitmapFormat)1]	16	static
TouchGFXGeneratedHAL.cpp:77:6:virtual void TouchGFXGeneratedHAL::enableInterrupts()	0	static
TouchGFXGeneratedHAL.cpp:83:6:virtual void TouchGFXGeneratedHAL::disableInterrupts()	0	static
DoubleBufferedVideoController.hpp:67:20:touchgfx::VideoController::Handle DoubleBufferedVideoController<no_streams, width, height, stride, output_format>::registerVideoWidget(touchgfx::VideoWidget&) [with long unsigned int no_streams = 1; long unsigned int width = 1024; long unsigned int height = 600; long unsigned int stride = 3072; touchgfx::Bitmap::BitmapFormat output_format = (touchgfx::Bitmap::BitmapFormat)1]	16	static
PaintRGB565Impl.hpp:31:6:void touchgfx::paint::rgb565::setL8Pallette(const uint8_t*)	0	static
PaintRGB565Impl.hpp:36:6:void touchgfx::paint::rgb565::tearDown()	0	static
PaintRGB565Impl.hpp:40:6:void touchgfx::paint::rgb565::lineFromColor(uint16_t*, unsigned int, uint32_t, uint8_t, uint32_t)	24	static
PaintRGB565Impl.hpp:60:6:void touchgfx::paint::rgb565::lineFromRGB565(uint16_t*, const uint16_t*, unsigned int, uint8_t)	28	static
PaintRGB565Impl.hpp:82:6:void touchgfx::paint::rgb565::lineFromARGB8888(uint16_t*, const uint32_t*, unsigned int, uint8_t)	32	static
PaintRGB565Impl.hpp:104:6:void touchgfx::paint::rgb565::lineFromL8RGB888(uint16_t*, const uint8_t*, unsigned int, uint8_t)	28	static
PaintRGB565Impl.hpp:140:6:void touchgfx::paint::rgb565::lineFromL8ARGB8888(uint16_t*, const uint8_t*, unsigned int, uint8_t)	36	static
TouchGFXGeneratedHAL.cpp:36:18:static touchgfx::VideoController& touchgfx::VideoController::getInstance()	0	static
TouchGFXGeneratedHAL.cpp:177:10:void HAL_LTDC_LineEventCallback(LTDC_HandleTypeDef*)	8	static
DoubleBufferedVideoController.hpp:319:10:void DoubleBufferedVideoController<no_streams, width, height, stride, output_format>::decoderTaskEntry() [with long unsigned int no_streams = 1; long unsigned int width = 1024; long unsigned int height = 600; long unsigned int stride = 3072; touchgfx::Bitmap::BitmapFormat output_format = (touchgfx::Bitmap::BitmapFormat)1]	40	static
TouchGFXGeneratedHAL.cpp:170:17:void videoTaskFunc(void*)	8	static
DoubleBufferedVideoController.hpp:518:10:void DoubleBufferedVideoController<no_streams, width, height, stride, output_format>::clearState(touchgfx::VideoController::Handle) [with long unsigned int no_streams = 1; long unsigned int width = 1024; long unsigned int height = 600; long unsigned int stride = 3072; touchgfx::Bitmap::BitmapFormat output_format = (touchgfx::Bitmap::BitmapFormat)1]	16	static
DoubleBufferedVideoController.hpp:152:18:void DoubleBufferedVideoController<no_streams, width, height, stride, output_format>::setVideoData(touchgfx::VideoController::Handle, touchgfx::VideoDataReader&) [with long unsigned int no_streams = 1; long unsigned int width = 1024; long unsigned int height = 600; long unsigned int stride = 3072; touchgfx::Bitmap::BitmapFormat output_format = (touchgfx::Bitmap::BitmapFormat)1]	16	static
DoubleBufferedVideoController.hpp:143:18:void DoubleBufferedVideoController<no_streams, width, height, stride, output_format>::setVideoData(touchgfx::VideoController::Handle, const uint8_t*, uint32_t) [with long unsigned int no_streams = 1; long unsigned int width = 1024; long unsigned int height = 600; long unsigned int stride = 3072; touchgfx::Bitmap::BitmapFormat output_format = (touchgfx::Bitmap::BitmapFormat)1]	16	static
TouchGFXGeneratedHAL.cpp:207:1:cpp)	16	static
