Screen.hpp:104:18:virtual void touchgfx::Screen::afterTransition()	0	static
Screen.hpp:144:18:virtual void touchgfx::Screen::handleTickEvent()	0	static
Screen.hpp:154:18:virtual void touchgfx::Screen::handleKeyEvent(uint8_t)	0	static
unlockedscreenView.hpp:11:13:unlockedscreenView::~unlockedscreenView()	0	static
unlockedscreenView.cpp:13:6:virtual void unlockedscreenView::tearDownScreen()	0	static
unlockedscreenView.cpp:8:6:virtual void unlockedscreenView::setupScreen()	0	static
unlockedscreenView.hpp:11:13:virtual unlockedscreenView::~unlockedscreenView()	8	static
unlockedscreenView.cpp:3:1:unlockedscreenView::unlockedscreenView()	8	static
